C51 COMPILER V8.06   LCD                                                                   11/17/2018 14:48:46 PAGE 1   


C51 COMPILER V8.06, COMPILATION OF MODULE LCD
OBJECT MODULE PLACED IN LCD.OBJ
COMPILER INVOKED BY: D:\Program Files\keil\C51\BIN\C51.EXE LCD.c BROWSE DEBUG OBJECTEXTEND

line level    source

   1          #include"head.h"
   2          
   3          uchar seg[4]={0,0,0,0x0a};
   4          /*////////////////
   5          注意以下方法适用于P1.0接SEG1(接口5），P1.5接SEG6（接口10），如果反过来，那么calSEG函数中最后的位颠倒运算可
             -以取消
   6          *//////////////
   7          
   8          
   9          void calSEG(int n)
  10          {
  11   1              uchar digit[2];
  12   1              uchar i,j,old,new;
  13   1              uchar lcdCode[]={0x77,0x14,0x5b,0x5d,0x3c,0x6d,0x6f,0x54,0x7f,0x7d};
  14   1              uchar units,tens;
  15   1              for(i=0;i<4;i++)
  16   1              {
  17   2                      seg[i]=0;
  18   2              }
  19   1              seg[3]=0x0a;
  20   1              if(n<0)
  21   1              {
  22   2                      seg[1]=0x20;
  23   2                      n=-n;
  24   2              }
  25   1              if(n>99)
  26   1              {
  27   2                      seg[0]=0x0;
  28   2                      seg[1]=0x0;
  29   2                      seg[2]=0x0;
  30   2                      seg[3]=0x2a;
  31   2              }
  32   1              else
  33   1              {
  34   2                      digit[0]=n%10;
  35   2                      digit[1]=(n/10)%10;
  36   2                      tens=lcdCode[digit[1]];
  37   2                      units=lcdCode[digit[0]];
  38   2                      seg[0]|=(tens&0x03)<<2  |       (units&0x03);
  39   2                      seg[1]|=(tens&0x0c)             |       (units&0x0c)>>2;
  40   2                      seg[2]|=(tens&0x30)>>2  |       (units&0x30)>>4;
  41   2                      seg[3]|=(tens&0xc0)>>4  |       (units&0xc0)>>6;
  42   2              }
  43   1              /*/位取颠倒，取反操作，适用于P1.0接SEG1(接口5），P1.5接SEG6（接口10），如果反过来，那么位颠倒运算可以取消
  44   1              for(i=0;i<4;i++)
  45   1              {
  46   1                      old = seg[i];
  47   1                      new=0;
  48   1                      for(j=0;j<6;j++)
  49   1                      {
  50   1                              new<<=1;
  51   1                              if((old&0x01)==0x01)
  52   1                                      new |= 0x01;
  53   1                              old >>=1;
  54   1                      }
C51 COMPILER V8.06   LCD                                                                   11/17/2018 14:48:46 PAGE 2   

  55   1                      seg[i]=new;
  56   1              }
  57   1              //*/
  58   1      }
*** WARNING C280 IN LINE 12 OF LCD.C: 'j': unreferenced local variable
*** WARNING C280 IN LINE 12 OF LCD.C: 'old': unreferenced local variable
*** WARNING C280 IN LINE 12 OF LCD.C: 'new': unreferenced local variable
  59          
  60          
  61          //*
  62          void lcdShow(int n)
  63          {
  64   1              uchar i,j;
  65   1              uchar highSet[4]={0x0e,0x0d,0x0b,0x07};
  66   1              uchar lowSet[4]={0x01,0x02,0x04,0x08};
  67   1              j=10;
  68   1              calSEG(n);
  69   1              while(j--)
  70   1              {
  71   2                      for(i=0;i<4;i++)
  72   2                      {
  73   3                              P3M1=0x0f;
  74   3                              P3M0=0x00;
  75   3                              P1=seg[i];
  76   3                              P3M1=highSet[i];
  77   3                              P3M0=lowSet[i];
  78   3                              P3=~(0x01<<i);
  79   3                              DelayNms(2);
  80   3                              P3=~P3;
  81   3                              P1=~P1;
  82   3                              DelayNms(2);
  83   3                      }       
  84   2              }
  85   1      
  86   1              
  87   1      }
  88          //*/
  89          /*
  90          void lcdShow(int n)
  91          {
  92                  uchar i,j;
  93                  uchar highSet[4]={0x0e,0x0d,0x0b,0x07};
  94                  uchar lowSet[4]={0x01,0x02,0x04,0x08};
  95                  j=10;
  96                  seg[0]=0x04;
  97                  seg[1]=0x0d;
  98                  seg[2]=0x09;
  99                  seg[3]=0x24;
 100                  
 101                  while(j--)
 102                  {
 103                          for(i=0;i<4;i++)
 104                          {
 105                                  P1=seg[i];
 106                                  P3M1=highSet[i];
 107                                  P3M0=lowSet[i];
 108                                  P3=~(0x01<<i);
 109                                  DelayNms(2);
 110                                  P3=~P3;
 111                                  P1=~P1;
 112                                  DelayNms(2);
 113                          }
C51 COMPILER V8.06   LCD                                                                   11/17/2018 14:48:46 PAGE 3   

 114                  }
 115          
 116          }
 117          //*/


MODULE INFORMATION:   STATIC OVERLAYABLE
   CODE SIZE        =    333    ----
   CONSTANT SIZE    =     18    ----
   XDATA SIZE       =   ----    ----
   PDATA SIZE       =   ----    ----
   DATA SIZE        =      4      29
   IDATA SIZE       =   ----    ----
   BIT SIZE         =   ----    ----
END OF MODULE INFORMATION.


C51 COMPILATION COMPLETE.  3 WARNING(S),  0 ERROR(S)
