C51 COMPILER V8.06   MAIN                                                                  01/17/2018 09:09:21 PAGE 1   


C51 COMPILER V8.06, COMPILATION OF MODULE MAIN
OBJECT MODULE PLACED IN main.OBJ
COMPILER INVOKED BY: C:\Keil\C51\BIN\C51.EXE main.c OPTIMIZE(9,SIZE) BROWSE DEBUG OBJECTEXTEND

line level    source

   1          #include"head.h"
   2          
   3          uchar a[8]={1,2,3,4,5,6,7,8};
   4          
   5          void main()
   6          {
   7   1              //uchar i,j;
   8   1              while(1)
   9   1              {
  10   2                      lcdShow(readOneTemp());
  11   2                      /*
  12   2                      for(i=0;i<50;i++)
  13   2                              for(j=0;j<10;j++)
  14   2                              {
  15   2                                      lcdShow(i);
  16   2                              }
  17   2                              //*/
  18   2              }
  19   1      }


MODULE INFORMATION:   STATIC OVERLAYABLE
   CODE SIZE        =      8    ----
   CONSTANT SIZE    =   ----    ----
   XDATA SIZE       =   ----    ----
   PDATA SIZE       =   ----    ----
   DATA SIZE        =      8    ----
   IDATA SIZE       =   ----    ----
   BIT SIZE         =   ----    ----
END OF MODULE INFORMATION.


C51 COMPILATION COMPLETE.  0 WARNING(S),  0 ERROR(S)
