C51 COMPILER V8.06   MAIN                                                                  12/20/2017 21:07:36 PAGE 1   


C51 COMPILER V8.06, COMPILATION OF MODULE MAIN
OBJECT MODULE PLACED IN main.OBJ
COMPILER INVOKED BY: D:\Program Files\keil\C51\BIN\C51.EXE main.c OPTIMIZE(9,SIZE) BROWSE DEBUG OBJECTEXTEND

line level    source

   1          #include"head.h"
   2          
   3          code uchar a[8]={1,2,3,4,5,6,7,8};
   4          
   5          void main()
   6          {
   7   1              while(1)
   8   1              {
   9   2                      lcdShow(readOneTemp());
  10   2                      //lcdShow(2);
  11   2              }
  12   1      }


MODULE INFORMATION:   STATIC OVERLAYABLE
   CODE SIZE        =      8    ----
   CONSTANT SIZE    =      8    ----
   XDATA SIZE       =   ----    ----
   PDATA SIZE       =   ----    ----
   DATA SIZE        =   ----    ----
   IDATA SIZE       =   ----    ----
   BIT SIZE         =   ----    ----
END OF MODULE INFORMATION.


C51 COMPILATION COMPLETE.  0 WARNING(S),  0 ERROR(S)
